---
source: nqc/src/ast/mod.rs
expression: err
input_file: nqc/tests/bad/int_fn.nqc
---
Error {
    kind: Syntax(
        "only void functions are supported",
    ),
    span: SourceSpan {
        offset: SourceOffset(
            4,
        ),
        length: 2,
    },
    raw: "int fn() {}\n",
}
